[2026-10-01 01:14:04] ALL: MySQLAdapter initialized 
[2026-10-01 01:14:04] INFO: MySQL connected successfully {"database":"cata_junto","user":"root"}
[2026-10-01 01:14:06] ALL: MySQLAdapter initialized 
[2026-10-01 01:14:06] INFO: MySQL connected successfully {"database":"cata_junto","user":"root"}
[2026-10-01 01:14:06] ERROR: PWRESET: request_reset: start {"type":"person","body":{"email":"renatolois209@gmail.com"}}
[2026-10-01 01:14:06] ERROR: PWRESET: request_reset: config {"table":"person","email_col":"email","fk_col":"person_id","reset_table":"person_password_reset","hash_col":"password_hash"}
[2026-10-01 01:14:06] ALL: Select from person {"where":{"email":"renatolois209@gmail.com"}}
[2026-10-01 01:14:06] ALL: Select returned 1 records from person 
[2026-10-01 01:14:06] ERROR: PWRESET: request_reset: owner lookup {"rows":[{"id":"f3758d09-3a47-4fbf-a91c-7e703ec812ed","cpf":"99999999999","name":"Renato","email":"renatolois209@gmail.com","verified_email":0,"password_hash":"$2y$12$u1KC3c\/G44Is5UE.JUNjXuMoq.iEXDFXR4d3u0YLH4kkLh9i\/redu","phone_number":"21999999999","birth_date":"2001-01-01","current_points":0,"active":1}]}
[2026-10-01 01:14:24] ALL: MySQLAdapter initialized 
[2026-10-01 01:14:24] INFO: MySQL connected successfully {"database":"cata_junto","user":"root"}
[2026-10-01 01:14:25] ALL: MySQLAdapter initialized 
[2026-10-01 01:14:25] INFO: MySQL connected successfully {"database":"cata_junto","user":"root"}
[2026-10-01 01:14:25] ERROR: PWRESET: request_reset: start {"type":"person","body":{"email":"renatolois209@gmail.com"}}
[2026-10-01 01:14:25] ERROR: PWRESET: request_reset: config {"table":"person","email_col":"email","fk_col":"person_id","reset_table":"person_password_reset","hash_col":"password_hash"}
[2026-10-01 01:14:25] ALL: Select from person {"where":{"email":"renatolois209@gmail.com"}}
[2026-10-01 01:14:25] ALL: Select returned 1 records from person 
[2026-10-01 01:14:25] ERROR: PWRESET: request_reset: owner lookup {"rows":[{"id":"f3758d09-3a47-4fbf-a91c-7e703ec812ed","cpf":"99999999999","name":"Renato","email":"renatolois209@gmail.com","verified_email":0,"password_hash":"$2y$12$u1KC3c\/G44Is5UE.JUNjXuMoq.iEXDFXR4d3u0YLH4kkLh9i\/redu","phone_number":"21999999999","birth_date":"2001-01-01","current_points":0,"active":1}]}
[2026-10-01 01:14:25] ALL: Select from person_password_reset {"where":{"email":"renatolois209@gmail.com","active":1}}
[2026-10-01 01:14:25] ALL: Select returned 1 records from person_password_reset 
[2026-10-01 01:14:25] ERROR: PWRESET: request_reset: deactivating previous resets {"count":1}
[2026-10-01 01:14:25] ALL: Update in person_password_reset {"id":9,"data":{"active":0}}
[2026-10-01 01:14:25] ALL: select_by_id from person_password_reset {"id":9}
[2026-10-01 01:14:25] ALL: Select from person_password_reset {"where":{"id":9}}
[2026-10-01 01:14:25] ALL: Select returned 1 records from person_password_reset 
[2026-10-01 01:14:25] INFO: Update completed in person_password_reset {"id":9}
[2026-10-01 01:14:25] ERROR: PWRESET: request_reset: inserting new reset {"owner_id":"f3758d09-3a47-4fbf-a91c-7e703ec812ed","email":"renatolois209@gmail.com","code":"735596","expires_at":"2026-10-01 01:44:25"}
[2026-10-01 01:14:25] ALL: Insert into person_password_reset {"person_id":"f3758d09-3a47-4fbf-a91c-7e703ec812ed","email":"renatolois209@gmail.com","code":"735596","expires_at":"2026-10-01 01:44:25","active":1}
[2026-10-01 01:14:25] INFO: Insert completed in person_password_reset 
[2026-10-01 01:14:25] ALL: select_by_id from person_password_reset {"id":"10"}
[2026-10-01 01:14:25] ALL: Select from person_password_reset {"where":{"id":"10"}}
[2026-10-01 01:14:25] ALL: Select returned 1 records from person_password_reset 
[2026-10-01 01:14:25] ERROR: PWRESET: send_email: start {"to":"renatolois209@gmail.com","code":"735596"}
[2026-10-01 01:14:25] ERROR: PWRESET: send_email: credentials check {"has_from":true,"has_password":true}
[2026-10-01 01:14:25] ERROR: PWRESET: send_email: dsn built {"dsn_masked":"smtps:***@smtp.gmail.com:587"}
[2026-10-01 01:14:25] ERROR: PWRESET_SMTP {"level":3,"msg":"Connection: opening to smtp.gmail.com:587, timeout=300, options=array()"}
[2026-10-01 01:14:25] ERROR: PWRESET_SMTP {"level":3,"msg":"Connection: opened"}
[2026-10-01 01:14:25] ERROR: PWRESET_SMTP {"level":2,"msg":"SERVER -> CLIENT: 220 smtp.gmail.com ESMTP 71dfb90a1353d-5d7fbc043b3sm1429720e0c.10 - gsmtp"}
[2026-10-01 01:14:25] ERROR: PWRESET_SMTP {"level":1,"msg":"CLIENT -> SERVER: EHLO localhost"}
[2026-10-01 01:14:26] ERROR: PWRESET_SMTP {"level":2,"msg":"SERVER -> CLIENT: 250-smtp.gmail.com at your service, [170.238.130.202]\r\n250-SIZE 35882577\r\n250-8BITMIME\r\n250-STARTTLS\r\n250-ENHANCEDSTATUSCODES\r\n250-PIPELINING\r\n250-CHUNKING\r\n250 SMTPUTF8"}
[2026-10-01 01:14:26] ERROR: PWRESET_SMTP {"level":1,"msg":"CLIENT -> SERVER: STARTTLS"}
[2026-10-01 01:14:26] ERROR: PWRESET_SMTP {"level":2,"msg":"SERVER -> CLIENT: 220 2.0.0 Ready to start TLS"}
[2026-10-01 01:14:26] ERROR: PWRESET_SMTP {"level":1,"msg":"CLIENT -> SERVER: EHLO localhost"}
[2026-10-01 01:14:27] ERROR: PWRESET_SMTP {"level":2,"msg":"SERVER -> CLIENT: 250-smtp.gmail.com at your service, [170.238.130.202]\r\n250-SIZE 35882577\r\n250-8BITMIME\r\n250-AUTH LOGIN PLAIN XOAUTH2 PLAIN-CLIENTTOKEN OAUTHBEARER XOAUTH\r\n250-ENHANCEDSTATUSCODES\r\n250-PIPELINING\r\n250-CHUNKING\r\n250 SMTPUTF8"}
[2026-10-01 01:14:27] ERROR: PWRESET_SMTP {"level":1,"msg":"CLIENT -> SERVER: AUTH LOGIN"}
[2026-10-01 01:14:27] ERROR: PWRESET_SMTP {"level":2,"msg":"SERVER -> CLIENT: 334 VXNlcm5hbWU6"}
[2026-10-01 01:14:27] ERROR: PWRESET_SMTP {"level":1,"msg":"CLIENT -> SERVER: [credentials hidden]"}
[2026-10-01 01:14:27] ERROR: PWRESET_SMTP {"level":2,"msg":"SERVER -> CLIENT: 334 UGFzc3dvcmQ6"}
[2026-10-01 01:14:27] ERROR: PWRESET_SMTP {"level":1,"msg":"CLIENT -> SERVER: [credentials hidden]"}
[2026-10-01 01:14:28] ERROR: PWRESET_SMTP {"level":2,"msg":"SERVER -> CLIENT: 535-5.7.8 Username and Password not accepted. For more information, go to\r\n535 5.7.8  https:\/\/support.google.com\/mail\/?p=BadCredentials 71dfb90a1353d-5d7fbc043b3sm1429720e0c.10 - gsmtp"}
[2026-10-01 01:14:28] ERROR: PWRESET_SMTP {"level":1,"msg":"SMTP ERROR: Password command failed: 535-5.7.8 Username and Password not accepted. For more information, go to\r\n535 5.7.8  https:\/\/support.google.com\/mail\/?p=BadCredentials 71dfb90a1353d-5d7fbc043b3sm1429720e0c.10 - gsmtp"}
[2026-10-01 01:14:28] ERROR: PWRESET_SMTP {"level":3,"msg":"SMTP Error: Could not authenticate."}
[2026-10-01 01:14:28] ERROR: PWRESET_SMTP {"level":1,"msg":"CLIENT -> SERVER: QUIT"}
[2026-10-01 01:14:28] ERROR: PWRESET_SMTP {"level":2,"msg":"SERVER -> CLIENT:"}
[2026-10-01 01:14:28] ERROR: PWRESET_SMTP {"level":1,"msg":"SMTP ERROR: QUIT command failed:"}
[2026-10-01 01:14:28] ERROR: PWRESET_SMTP {"level":3,"msg":"Connection: closed"}
[2026-10-01 01:14:28] ERROR: PWRESET_SMTP {"level":3,"msg":"SMTP Error: Could not authenticate."}
[2026-10-01 01:14:28] ERROR: PASSWORD_RESET_EMAIL: failed to send {"to":"renatolois209@gmail.com","error":"SMTP Error: Could not authenticate."}
[2026-10-01 01:14:28] ERROR: PWRESET: send_email: exception {"error":"SMTP Error: Could not authenticate."}
[2026-10-01 01:15:58] ALL: MySQLAdapter initialized 
[2026-10-01 01:15:58] INFO: MySQL connected successfully {"database":"cata_junto","user":"root"}
[2026-10-01 01:27:04] ALL: MySQLAdapter initialized 
[2026-10-01 01:27:04] INFO: MySQL connected successfully {"database":"cata_junto","user":"root"}
[2026-10-01 01:27:04] ERROR: PWRESET: request_reset: start {"type":"person","body":{"email":"renatolois209@gmail.com"}}
[2026-10-01 01:27:04] ERROR: PWRESET: request_reset: config {"table":"person","email_col":"email","fk_col":"person_id","reset_table":"person_password_reset","hash_col":"password_hash"}
[2026-10-01 01:27:04] ALL: Select from person {"where":{"email":"renatolois209@gmail.com"}}
[2026-10-01 01:27:04] ALL: Select returned 1 records from person 
[2026-10-01 01:27:04] ERROR: PWRESET: request_reset: owner lookup {"rows":[{"id":"f3758d09-3a47-4fbf-a91c-7e703ec812ed","cpf":"99999999999","name":"Renato","email":"renatolois209@gmail.com","verified_email":0,"password_hash":"$2y$12$u1KC3c\/G44Is5UE.JUNjXuMoq.iEXDFXR4d3u0YLH4kkLh9i\/redu","phone_number":"21999999999","birth_date":"2001-01-01","current_points":0,"active":1}]}
[2026-10-01 01:27:04] ALL: Select from person_password_reset {"where":{"email":"renatolois209@gmail.com","active":1}}
[2026-10-01 01:27:04] ALL: Select returned 1 records from person_password_reset 
[2026-10-01 01:27:04] ERROR: PWRESET: request_reset: deactivating previous resets {"count":1}
[2026-10-01 01:27:04] ALL: Update in person_password_reset {"id":10,"data":{"active":0}}
[2026-10-01 01:27:04] ALL: select_by_id from person_password_reset {"id":10}
[2026-10-01 01:27:04] ALL: Select from person_password_reset {"where":{"id":10}}
[2026-10-01 01:27:04] ALL: Select returned 1 records from person_password_reset 
[2026-10-01 01:27:04] INFO: Update completed in person_password_reset {"id":10}
[2026-10-01 01:27:04] ERROR: PWRESET: request_reset: inserting new reset {"owner_id":"f3758d09-3a47-4fbf-a91c-7e703ec812ed","email":"renatolois209@gmail.com","code":"762310","expires_at":"2026-10-01 01:57:04"}
[2026-10-01 01:27:04] ALL: Insert into person_password_reset {"person_id":"f3758d09-3a47-4fbf-a91c-7e703ec812ed","email":"renatolois209@gmail.com","code":"762310","expires_at":"2026-10-01 01:57:04","active":1}
[2026-10-01 01:27:04] INFO: Insert completed in person_password_reset 
[2026-10-01 01:27:04] ALL: select_by_id from person_password_reset {"id":"11"}
[2026-10-01 01:27:04] ALL: Select from person_password_reset {"where":{"id":"11"}}
[2026-10-01 01:27:04] ALL: Select returned 1 records from person_password_reset 
[2026-10-01 01:27:04] ERROR: PWRESET: send_email: start {"to":"renatolois209@gmail.com","code":"762310"}
[2026-10-01 01:27:04] ERROR: PWRESET: send_email: credentials check {"has_from":true,"has_password":true}
[2026-10-01 01:27:04] ERROR: PWRESET_SMTP {"level":3,"msg":"Connection: opening to smtp.gmail.com:587, timeout=300, options=array()"}
[2026-10-01 01:27:04] ERROR: PWRESET_SMTP {"level":3,"msg":"Connection: opened"}
[2026-10-01 01:27:05] ERROR: PWRESET_SMTP {"level":2,"msg":"SERVER -> CLIENT: 220 smtp.gmail.com ESMTP ada2fe7eead31-7bfa63ad3e2sm1323768137.5 - gsmtp"}
[2026-10-01 01:27:05] ERROR: PWRESET_SMTP {"level":1,"msg":"CLIENT -> SERVER: EHLO localhost"}
[2026-10-01 01:27:06] ERROR: PWRESET_SMTP {"level":2,"msg":"SERVER -> CLIENT: 250-smtp.gmail.com at your service, [170.238.130.202]\r\n250-SIZE 35882577\r\n250-8BITMIME\r\n250-STARTTLS\r\n250-ENHANCEDSTATUSCODES\r\n250-PIPELINING\r\n250-CHUNKING\r\n250 SMTPUTF8"}
[2026-10-01 01:27:06] ERROR: PWRESET_SMTP {"level":1,"msg":"CLIENT -> SERVER: STARTTLS"}
[2026-10-01 01:27:06] ERROR: PWRESET_SMTP {"level":2,"msg":"SERVER -> CLIENT: 220 2.0.0 Ready to start TLS"}
[2026-10-01 01:27:06] ERROR: PWRESET_SMTP {"level":1,"msg":"CLIENT -> SERVER: EHLO localhost"}
[2026-10-01 01:27:06] ERROR: PWRESET_SMTP {"level":2,"msg":"SERVER -> CLIENT: 250-smtp.gmail.com at your service, [170.238.130.202]\r\n250-SIZE 35882577\r\n250-8BITMIME\r\n250-AUTH LOGIN PLAIN XOAUTH2 PLAIN-CLIENTTOKEN OAUTHBEARER XOAUTH\r\n250-ENHANCEDSTATUSCODES\r\n250-PIPELINING\r\n250-CHUNKING\r\n250 SMTPUTF8"}
[2026-10-01 01:27:06] ERROR: PWRESET_SMTP {"level":1,"msg":"CLIENT -> SERVER: AUTH LOGIN"}
[2026-10-01 01:27:07] ERROR: PWRESET_SMTP {"level":2,"msg":"SERVER -> CLIENT: 334 VXNlcm5hbWU6"}
[2026-10-01 01:27:07] ERROR: PWRESET_SMTP {"level":1,"msg":"CLIENT -> SERVER: [credentials hidden]"}
[2026-10-01 01:27:07] ERROR: PWRESET_SMTP {"level":2,"msg":"SERVER -> CLIENT: 334 UGFzc3dvcmQ6"}
[2026-10-01 01:27:07] ERROR: PWRESET_SMTP {"level":1,"msg":"CLIENT -> SERVER: [credentials hidden]"}
[2026-10-01 01:27:07] ERROR: PWRESET_SMTP {"level":2,"msg":"SERVER -> CLIENT: 235 2.7.0 Accepted"}
[2026-10-01 01:27:07] ERROR: PWRESET_SMTP {"level":1,"msg":"CLIENT -> SERVER: MAIL FROM:<r.lois.marcondes@gmail.com>"}
[2026-10-01 01:27:08] ERROR: PWRESET_SMTP {"level":2,"msg":"SERVER -> CLIENT: 250 2.1.0 OK ada2fe7eead31-7bfa63ad3e2sm1323768137.5 - gsmtp"}
[2026-10-01 01:27:08] ERROR: PWRESET_SMTP {"level":1,"msg":"CLIENT -> SERVER: RCPT TO:<renatolois209@gmail.com>"}
[2026-10-01 01:27:08] ERROR: PWRESET_SMTP {"level":2,"msg":"SERVER -> CLIENT: 250 2.1.5 OK ada2fe7eead31-7bfa63ad3e2sm1323768137.5 - gsmtp"}
[2026-10-01 01:27:08] ERROR: PWRESET_SMTP {"level":1,"msg":"CLIENT -> SERVER: DATA"}
[2026-10-01 01:27:08] ERROR: PWRESET_SMTP {"level":2,"msg":"SERVER -> CLIENT: 354 Go ahead ada2fe7eead31-7bfa63ad3e2sm1323768137.5 - gsmtp"}
[2026-10-01 01:27:08] ERROR: PWRESET_SMTP {"level":1,"msg":"CLIENT -> SERVER: Date: Thu, 1 Oct 2026 01:27:04 +0000"}
[2026-10-01 01:27:08] ERROR: PWRESET_SMTP {"level":1,"msg":"CLIENT -> SERVER: To: renatolois209@gmail.com"}
[2026-10-01 01:27:08] ERROR: PWRESET_SMTP {"level":1,"msg":"CLIENT -> SERVER: From: Cata Junto <r.lois.marcondes@gmail.com>"}
[2026-10-01 01:27:08] ERROR: PWRESET_SMTP {"level":1,"msg":"CLIENT -> SERVER: Subject: Password reset code"}
[2026-10-01 01:27:08] ERROR: PWRESET_SMTP {"level":1,"msg":"CLIENT -> SERVER: Message-ID: <OdMDcl5qfkSGPq25HhUlpoPQYRUENmtHOfysX5g@localhost>"}
[2026-10-01 01:27:08] ERROR: PWRESET_SMTP {"level":1,"msg":"CLIENT -> SERVER: X-Mailer: PHPMailer 7.1.1 (https:\/\/github.com\/PHPMailer\/PHPMailer)"}
[2026-10-01 01:27:08] ERROR: PWRESET_SMTP {"level":1,"msg":"CLIENT -> SERVER: MIME-Version: 1.0"}
[2026-10-01 01:27:08] ERROR: PWRESET_SMTP {"level":1,"msg":"CLIENT -> SERVER: Content-Type: multipart\/alternative;"}
[2026-10-01 01:27:08] ERROR: PWRESET_SMTP {"level":1,"msg":"CLIENT -> SERVER:  boundary=\"b1=_OdMDcl5qfkSGPq25HhUlpoPQYRUENmtHOfysX5g\""}
[2026-10-01 01:27:08] ERROR: PWRESET_SMTP {"level":1,"msg":"CLIENT -> SERVER: Content-Transfer-Encoding: 8bit"}
[2026-10-01 01:27:08] ERROR: PWRESET_SMTP {"level":1,"msg":"CLIENT -> SERVER:"}
[2026-10-01 01:27:08] ERROR: PWRESET_SMTP {"level":1,"msg":"CLIENT -> SERVER: --b1=_OdMDcl5qfkSGPq25HhUlpoPQYRUENmtHOfysX5g"}
[2026-10-01 01:27:08] ERROR: PWRESET_SMTP {"level":1,"msg":"CLIENT -> SERVER: Content-Type: text\/plain; charset=us-ascii"}
[2026-10-01 01:27:08] ERROR: PWRESET_SMTP {"level":1,"msg":"CLIENT -> SERVER:"}
[2026-10-01 01:27:08] ERROR: PWRESET_SMTP {"level":1,"msg":"CLIENT -> SERVER: Your password reset code is: 762310"}
[2026-10-01 01:27:08] ERROR: PWRESET_SMTP {"level":1,"msg":"CLIENT -> SERVER: It expires in 30 minutes."}
[2026-10-01 01:27:08] ERROR: PWRESET_SMTP {"level":1,"msg":"CLIENT -> SERVER:"}
[2026-10-01 01:27:08] ERROR: PWRESET_SMTP {"level":1,"msg":"CLIENT -> SERVER: --b1=_OdMDcl5qfkSGPq25HhUlpoPQYRUENmtHOfysX5g"}
[2026-10-01 01:27:08] ERROR: PWRESET_SMTP {"level":1,"msg":"CLIENT -> SERVER: Content-Type: text\/html; charset=us-ascii"}
[2026-10-01 01:27:08] ERROR: PWRESET_SMTP {"level":1,"msg":"CLIENT -> SERVER:"}
[2026-10-01 01:27:08] ERROR: PWRESET_SMTP {"level":1,"msg":"CLIENT -> SERVER: <p>Your password reset code is: <strong>762310<\/strong><\/p><p>It expires in 30 minutes.<\/p>"}
[2026-10-01 01:27:08] ERROR: PWRESET_SMTP {"level":1,"msg":"CLIENT -> SERVER:"}
[2026-10-01 01:27:08] ERROR: PWRESET_SMTP {"level":1,"msg":"CLIENT -> SERVER:"}
[2026-10-01 01:27:08] ERROR: PWRESET_SMTP {"level":1,"msg":"CLIENT -> SERVER: --b1=_OdMDcl5qfkSGPq25HhUlpoPQYRUENmtHOfysX5g--"}
[2026-10-01 01:27:08] ERROR: PWRESET_SMTP {"level":1,"msg":"CLIENT -> SERVER:"}
[2026-10-01 01:27:08] ERROR: PWRESET_SMTP {"level":1,"msg":"CLIENT -> SERVER: ."}
[2026-10-01 01:27:09] ERROR: PWRESET_SMTP {"level":2,"msg":"SERVER -> CLIENT: 250 2.0.0 OK  1790818029 ada2fe7eead31-7bfa63ad3e2sm1323768137.5 - gsmtp"}
[2026-10-01 01:27:09] ERROR: PWRESET_SMTP {"level":1,"msg":"CLIENT -> SERVER: QUIT"}
[2026-10-01 01:27:09] ERROR: PWRESET_SMTP {"level":2,"msg":"SERVER -> CLIENT: 221 2.0.0 closing connection ada2fe7eead31-7bfa63ad3e2sm1323768137.5 - gsmtp"}
[2026-10-01 01:27:09] ERROR: PWRESET_SMTP {"level":3,"msg":"Connection: closed"}
[2026-10-01 01:27:09] ERROR: PWRESET: send_email: sent ok {"to":"renatolois209@gmail.com"}
[2026-10-01 01:28:02] ALL: MySQLAdapter initialized 
[2026-10-01 01:28:02] INFO: MySQL connected successfully {"database":"cata_junto","user":"root"}
[2026-10-01 01:28:02] ERROR: PWRESET: reset: start {"type":"person","body":{"email":"renatolois209@gmail.com","password":"abc","code":"231231"}}
[2026-10-01 01:28:02] ERROR: PWRESET: reset: config {"table":"person","email_col":"email","fk_col":"person_id","reset_table":"person_password_reset","hash_col":"password_hash"}
[2026-10-01 01:28:02] ALL: Select from person_password_reset {"where":{"email":"renatolois209@gmail.com","code":"231231"}}
[2026-10-01 01:28:02] ALL: Select returned 0 records from person_password_reset 
[2026-10-01 01:28:02] ERROR: PWRESET: reset: candidate rows {"rows":[]}
[2026-10-01 01:28:02] ERROR: PWRESET: reset: no valid reset found 
[2026-10-01 01:28:31] ALL: MySQLAdapter initialized 
[2026-10-01 01:28:31] INFO: MySQL connected successfully {"database":"cata_junto","user":"root"}
[2026-10-01 01:28:31] ERROR: PWRESET: reset: start {"type":"person","body":{"email":"renatolois209@gmail.com","password":"abc","code":"762310"}}
[2026-10-01 01:28:31] ERROR: PWRESET: reset: config {"table":"person","email_col":"email","fk_col":"person_id","reset_table":"person_password_reset","hash_col":"password_hash"}
[2026-10-01 01:28:31] ALL: Select from person_password_reset {"where":{"email":"renatolois209@gmail.com","code":"762310"}}
[2026-10-01 01:28:31] ALL: Select returned 1 records from person_password_reset 
[2026-10-01 01:28:31] ERROR: PWRESET: reset: candidate rows {"rows":[{"id":11,"person_id":"f3758d09-3a47-4fbf-a91c-7e703ec812ed","email":"renatolois209@gmail.com","code":"762310","expires_at":"2026-10-01 01:57:04","active":1,"created_at":"2026-09-30 22:27:04","used_at":null}]}
[2026-10-01 01:28:31] ERROR: PWRESET: reset: valid reset found {"id":11}
[2026-10-01 01:28:31] ALL: Select from person {"where":{"email":"renatolois209@gmail.com"}}
[2026-10-01 01:28:31] ALL: Select returned 1 records from person 
[2026-10-01 01:28:31] ERROR: PWRESET: reset: updating password {"owner_id":"f3758d09-3a47-4fbf-a91c-7e703ec812ed"}
[2026-10-01 01:28:31] ALL: Update in person {"id":"f3758d09-3a47-4fbf-a91c-7e703ec812ed","data":{"password_hash":"$2y$12$yEQi2j7qjSwEp5TWxjnbb.BFV.xdHtM4a93A0.No1W6yr4tkDRF4C"}}
[2026-10-01 01:28:31] ALL: select_by_id from person {"id":"f3758d09-3a47-4fbf-a91c-7e703ec812ed"}
[2026-10-01 01:28:31] ALL: Select from person {"where":{"id":"f3758d09-3a47-4fbf-a91c-7e703ec812ed"}}
[2026-10-01 01:28:31] ALL: Select returned 1 records from person 
[2026-10-01 01:28:31] INFO: Update completed in person {"id":"f3758d09-3a47-4fbf-a91c-7e703ec812ed"}
[2026-10-01 01:28:31] ERROR: PWRESET: reset: deactivating used reset {"id":11}
[2026-10-01 01:28:31] ALL: Update in person_password_reset {"id":11,"data":{"active":0,"used_at":"2026-10-01 01:28:31"}}
[2026-10-01 01:28:31] ALL: select_by_id from person_password_reset {"id":11}
[2026-10-01 01:28:31] ALL: Select from person_password_reset {"where":{"id":11}}
[2026-10-01 01:28:31] ALL: Select returned 1 records from person_password_reset 
[2026-10-01 01:28:31] INFO: Update completed in person_password_reset {"id":11}
[2026-10-01 01:28:31] ALL: Select from person_password_reset {"where":{"email":"renatolois209@gmail.com","active":1}}
[2026-10-01 01:28:31] ALL: Select returned 0 records from person_password_reset 
[2026-10-01 01:28:31] ERROR: PWRESET: reset: deactivated other active resets {"count":0}
[2026-10-01 01:28:34] ALL: MySQLAdapter initialized 
[2026-10-01 01:28:34] INFO: MySQL connected successfully {"database":"cata_junto","user":"root"}
[2026-10-01 01:28:41] ALL: MySQLAdapter initialized 
[2026-10-01 01:28:41] INFO: MySQL connected successfully {"database":"cata_junto","user":"root"}
[2026-10-01 01:28:41] ALL: Select from person {"where":{"email":"renatolois209@gmail.com"}}
[2026-10-01 01:28:41] ALL: Select returned 1 records from person 
[2026-10-01 01:28:43] ALL: MySQLAdapter initialized 
[2026-10-01 01:28:43] INFO: MySQL connected successfully {"database":"cata_junto","user":"root"}
[2026-10-01 01:28:43] ALL: Select from person {"where":{"email":"renatolois209@gmail.com"}}
[2026-10-01 01:28:43] ALL: Select returned 1 records from person 
[2026-10-01 01:28:45] ALL: MySQLAdapter initialized 
[2026-10-01 01:28:45] INFO: MySQL connected successfully {"database":"cata_junto","user":"root"}
[2026-10-01 01:28:45] ALL: Select from person {"where":{"email":"renatolois209@gmail.com"}}
[2026-10-01 01:28:45] ALL: Select returned 1 records from person 
[2026-10-01 01:28:46] ALL: MySQLAdapter initialized 
[2026-10-01 01:28:46] INFO: MySQL connected successfully {"database":"cata_junto","user":"root"}
[2026-10-01 01:28:46] ALL: Select from person {"where":{"id":"f3758d09-3a47-4fbf-a91c-7e703ec812ed"}}
[2026-10-01 01:28:46] ALL: Select returned 1 records from person 
[2026-10-01 01:28:46] ALL: Select from person {"where":{"id":"f3758d09-3a47-4fbf-a91c-7e703ec812ed"}}
[2026-10-01 01:28:46] ALL: Select returned 1 records from person 
[2026-10-01 01:28:46] ALL: MySQLAdapter initialized 
[2026-10-01 01:28:46] INFO: MySQL connected successfully {"database":"cata_junto","user":"root"}
[2026-10-01 01:28:46] ALL: Select from person {"where":{"id":"f3758d09-3a47-4fbf-a91c-7e703ec812ed"}}
[2026-10-01 01:28:46] ALL: Select returned 1 records from person 
[2026-10-01 01:28:46] ALL: MySQLAdapter initialized 
[2026-10-01 01:28:46] INFO: MySQL connected successfully {"database":"cata_junto","user":"root"}
[2026-10-01 01:28:46] ALL: MySQLAdapter initialized 
[2026-10-01 01:28:46] INFO: MySQL connected successfully {"database":"cata_junto","user":"root"}
[2026-10-01 01:28:46] ALL: Select from person {"where":{"id":"f3758d09-3a47-4fbf-a91c-7e703ec812ed"}}
[2026-10-01 01:28:46] ALL: Select returned 1 records from person 
[2026-10-01 01:28:46] ALL: Select from material_type {"where":[]}
[2026-10-01 01:28:46] ALL: Select returned 4 records from material_type 
[2026-10-01 01:28:46] ALL: MySQLAdapter initialized 
[2026-10-01 01:28:46] INFO: MySQL connected successfully {"database":"cata_junto","user":"root"}
[2026-10-01 01:28:46] ALL: Select from person {"where":{"id":"f3758d09-3a47-4fbf-a91c-7e703ec812ed"}}
[2026-10-01 01:28:46] ALL: Select returned 1 records from person 
[2026-10-01 01:28:46] ALL: Select from role {"where":{"active":1}}
[2026-10-01 01:28:46] ALL: Select returned 2 records from role 
[2026-10-01 01:28:46] ALL: MySQLAdapter initialized 
[2026-10-01 01:28:46] INFO: MySQL connected successfully {"database":"cata_junto","user":"root"}
[2026-10-01 01:28:46] ALL: Select from person {"where":{"id":"f3758d09-3a47-4fbf-a91c-7e703ec812ed"}}
[2026-10-01 01:28:46] ALL: Select returned 1 records from person 
[2026-10-01 01:28:46] ALL: Select from contract {"where":{"person_id":"f3758d09-3a47-4fbf-a91c-7e703ec812ed"}}
[2026-10-01 01:28:46] ALL: Select returned 0 records from contract 
